f01: 1.12624e-28 (5.44179e-29)
f02: 3.46482e-14 (5.95158e-14)
f03: 1.14380e-03 (5.27134e-04)
f04: 3.13885e-02 (5.52550e-03)
f05: 9.86204e+02 (4.17681e-01)
f06: 0.00000e+00 (0.00000e+00)
f07: 2.60074e-03 (7.01350e-04)
f08: -4.18983e+05 (1.42083e-10)
f09: 1.52056e-14 (7.92887e-15)
f10: 1.28217e-13 (6.93159e-15)
f11: 9.41469e-16 (1.92616e-16)
f12: 1.13543e-27 (3.40825e-28)
f13: 3.87002e-03 (1.07021e-02)
