
                            < M A T L A B (R) >
                  Copyright 1984-2016 The MathWorks, Inc.
                   R2016b (9.1.0.441655) 64-bit (glnxa64)
                             September 7, 2016

f01: 7.32870e-32 (2.39676e-32)
f02:     Inf (    NaN)
f03: 2.50842e+05 (1.76300e+04)
f04: 8.94175e-05 (2.78021e-05)
f05: 9.85730e+02 (3.63545e-01)
f06: 2.16000e+00 (2.30362e+00)
f07: 2.88136e-01 (1.67738e-02)
f08: -4.18983e+05 (2.00936e-10)
f09: 1.72111e+02 (8.03828e+01)
f10: 1.03421e-07 (5.94126e-08)
f11: 1.33795e-13 (6.63934e-13)
f12: 6.31888e-04 (1.29025e-03)
f13: 6.35244e-27 (1.09526e-26)
