
                            < M A T L A B (R) >
                  Copyright 1984-2016 The MathWorks, Inc.
                   R2016b (9.1.0.441655) 64-bit (glnxa64)
                             September 7, 2016

f01: 1.15946e-28 (3.91126e-29)
f02: 2.48359e-14 (3.99065e-14)
f03: 1.34421e-03 (6.86924e-04)
f04: 3.26561e-02 (5.46643e-03)
f05: 9.86252e+02 (3.75418e-01)
f06: 0.00000e+00 (0.00000e+00)
f07: 2.66549e-03 (9.27734e-04)
f08: -4.18983e+05 (1.18220e-10)
f09: 1.09424e-14 (4.51954e-15)
f10: 1.28644e-13 (6.60525e-15)
f11: 9.63674e-16 (1.86107e-16)
f12: 1.10771e-27 (3.65419e-28)
f13: 3.87937e-03 (6.80493e-03)
