
                            < M A T L A B (R) >
                  Copyright 1984-2016 The MathWorks, Inc.
                   R2016b (9.1.0.441655) 64-bit (glnxa64)
                             September 7, 2016
 
f01: 7.76389e-32 (2.84412e-32)
f02:     Inf (    NaN)
f03: 2.52648e+05 (2.25876e+04)
f04: 7.03994e+01 (3.79451e+00)
f05: 2.79215e+03 (1.66198e+02)
f06: 2.08000e+00 (2.13931e+00)
f07: 2.87249e-01 (2.71180e-02)
f08: -4.18983e+05 (1.62478e-10)
f09: 1.49041e+02 (5.83210e+01)
f10: 1.19771e+00 (1.36770e-01)
f11: 4.82572e-03 (1.00132e-02)
f12: 1.62097e-03 (5.48653e-03)
f13: 6.38985e-02 (3.19492e-01)
