
                            < M A T L A B (R) >
                  Copyright 1984-2016 The MathWorks, Inc.
                   R2016b (9.1.0.441655) 64-bit (glnxa64)
                             September 7, 2016

f01: 1.78298e-24 (5.33392e-25)
f02: 7.21133e-12 (8.99271e-12)
f03: 5.54218e-07 (7.16071e-07)
f04: 1.63736e-06 (3.04059e-07)
f05: 9.86198e+02 (3.18753e-01)
f06: 0.00000e+00 (0.00000e+00)
f07: 1.11813e-03 (4.47112e-04)
f08: -4.18983e+05 (1.48876e-10)
f09: 0.00000e+00 (0.00000e+00)
f10: 4.04192e-13 (4.28923e-14)
f11: 0.00000e+00 (0.00000e+00)
f12: 4.97611e-04 (1.16368e-03)
f13: 4.76934e-02 (1.31818e-01)
